ERROR ~ ERROR: Validation of pipeline parameters failed!

 -- Check '/rtsess01/juno/home/naidur/snvs_indels/nucleovar/.nf-test/tests/4181324982f52679f945c438d27041c7/meta/nextflow.log' file for details
