ERROR ~ Error executing process > 'MSK_NUCLEOVAR:NUCLEOVAR:TRACEBACK:PVMAFCONCAT_INITIAL (1)'

Caused by:
  Failed to pull singularity image
    command: singularity pull  --name ghcr.io-msk-access-postprocessing_variant_calls-0.3.0.img.pulling.1724432958290 docker://ghcr.io/msk-access/postprocessing_variant_calls:0.3.0 > /dev/null
    status : 1
    hint   : Try and increase singularity.pullTimeout in the config (current is "20m")
    message:
      ERROR: Unknown command 'pull'



 -- Check '/rtsess01/juno/home/naidur/snvs_indels/nucleovar/.nf-test/tests/515ef27ae81667a61d38fea42e4cf660/meta/nextflow.log' file for details
